// Jest Snapshot v1, https://goo.gl/fbAQLP

exports[`ParcelasVencendoEsteMes Component matches snapshot 1`] = `
<View
  className="w-11/12 mx-auto mt-6 mb-8"
>
  <Text
    className="text-2xl font-semibold text-gray-800 mb-4"
  >
    Parcelas Vencendo Este Mês
  </Text>
  <Text
    className="text-gray-600 mb-6"
  >
    1
     parcela
     encontrada
  </Text>
  <View
    className="bg-white rounded-xl p-4 shadow-md mb-3"
  >
    <View
      className="flex flex-row justify-between items-start mb-2"
    >
      <View
        className="flex-1"
      >
        <Text
          className="text-lg font-semibold text-gray-800"
        >
          Empréstimo Pessoal
        </Text>
        <Text
          className="text-sm text-gray-600"
        >
          Parcela 
          1
           • 
          12345
        </Text>
      </View>
      <Text
        className="text-lg font-semibold text-red-600"
      >
        R$ 888,49
      </Text>
    </View>
    <View
      className="flex flex-row justify-between items-center mt-2"
    >
      <Text
        className="text-sm text-gray-600"
      >
        14/01/2024
      </Text>
      <Text
        className="text-sm font-medium text-red-600"
      >
        Vencida há 590 dias
      </Text>
    </View>
  </View>
</View>
`;
