// Jest Snapshot v1, https://goo.gl/fbAQLP

exports[`StepOne Component matches snapshot 1`] = `
<View
  className="flex-1"
>
  <Text
    className="text-xl font-bold mb-6 text-center"
  >
    Escolha sua Modalidade
  </Text>
  <RCTScrollView
    className="flex-1"
  >
    <View>
      <View
        className="space-y-4 px-4"
      >
        <View
          accessibilityState={
            {
              "busy": undefined,
              "checked": undefined,
              "disabled": undefined,
              "expanded": undefined,
              "selected": undefined,
            }
          }
          accessibilityValue={
            {
              "max": undefined,
              "min": undefined,
              "now": undefined,
              "text": undefined,
            }
          }
          accessible={true}
          collapsable={false}
          focusable={true}
          onClick={[Function]}
          onResponderGrant={[Function]}
          onResponderMove={[Function]}
          onResponderRelease={[Function]}
          onResponderTerminate={[Function]}
          onResponderTerminationRequest={[Function]}
          onStartShouldSetResponder={[Function]}
          style={
            {
              "opacity": 1,
            }
          }
        >
          <Text
            className="font-semibold text-lg"
          >
            Empréstimo Pessoal
          </Text>
          <Text
            className="text-gray-600 mt-1"
          >
            Empréstimo para pessoa física
          </Text>
          <View
            className="mt-2"
          >
            <Text
              className="text-sm text-gray-500"
            >
              Taxa: 
              12.5
              % a.a.
            </Text>
            <Text
              className="text-sm text-gray-500"
            >
              Prazo: 
              6
              -
              36
               meses
            </Text>
            <Text
              className="text-sm text-gray-500"
            >
              Valor: R$ 
              1,000
               - R$ 
              50,000
            </Text>
            <Text
              className="text-sm text-gray-500 capitalize"
            >
              Categoria: 
              pessoa fisica
            </Text>
          </View>
        </View>
      </View>
    </View>
  </RCTScrollView>
  <View
    className="p-4 border-t border-gray-200"
  >
    <View
      className="flex-row justify-between"
    >
      <View
        accessibilityRole="button"
        accessibilityState={
          {
            "busy": undefined,
            "checked": undefined,
            "disabled": undefined,
            "expanded": undefined,
            "selected": undefined,
          }
        }
        accessibilityValue={
          {
            "max": undefined,
            "min": undefined,
            "now": undefined,
            "text": undefined,
          }
        }
        accessible={true}
        collapsable={false}
        focusable={true}
        onClick={[Function]}
        onResponderGrant={[Function]}
        onResponderMove={[Function]}
        onResponderRelease={[Function]}
        onResponderTerminate={[Function]}
        onResponderTerminationRequest={[Function]}
        onStartShouldSetResponder={[Function]}
        style={
          {
            "opacity": 1,
          }
        }
      >
        <View
          style={
            [
              {},
            ]
          }
        >
          <Text
            style={
              [
                {
                  "color": "#007AFF",
                  "fontSize": 18,
                  "margin": 8,
                  "textAlign": "center",
                },
              ]
            }
          >
            Cancelar
          </Text>
        </View>
      </View>
      <View
        accessibilityRole="button"
        accessibilityState={
          {
            "busy": undefined,
            "checked": undefined,
            "disabled": true,
            "expanded": undefined,
            "selected": undefined,
          }
        }
        accessibilityValue={
          {
            "max": undefined,
            "min": undefined,
            "now": undefined,
            "text": undefined,
          }
        }
        accessible={true}
        collapsable={false}
        focusable={false}
        onClick={[Function]}
        onResponderGrant={[Function]}
        onResponderMove={[Function]}
        onResponderRelease={[Function]}
        onResponderTerminate={[Function]}
        onResponderTerminationRequest={[Function]}
        onStartShouldSetResponder={[Function]}
        style={
          {
            "opacity": 1,
          }
        }
      >
        <View
          style={
            [
              {},
              {},
            ]
          }
        >
          <Text
            disabled={true}
            style={
              [
                {
                  "color": "#007AFF",
                  "fontSize": 18,
                  "margin": 8,
                  "textAlign": "center",
                },
                {
                  "color": "#cdcdcd",
                },
              ]
            }
          >
            Continuar
          </Text>
        </View>
      </View>
    </View>
  </View>
</View>
`;
