// Jest Snapshot v1, https://goo.gl/fbAQLP

exports[`ContractsList Component matches snapshot 1`] = `
<View
  className="w-11/12 mx-auto mt-6 mb-8"
>
  <Text
    className="text-2xl font-semibold text-gray-800 mb-4"
  >
    Seus Empréstimos
  </Text>
  <View
    className="bg-white rounded-xl p-4 shadow-md mb-3"
  >
    <View
      className="flex flex-row justify-between items-start"
    >
      <View
        className="flex-1"
      >
        <Text
          className="text-lg font-semibold text-gray-800"
        >
          Empréstimo Pessoal
        </Text>
        <Text
          className="text-sm text-gray-600 mt-1"
        >
          Contrato: 
          12345
        </Text>
        <Text
          className="text-sm text-gray-600"
        >
          Sistema: 
          PRICE
        </Text>
      </View>
      <View
        className="items-end"
      >
        <Text
          className="text-lg font-bold text-blue-600"
        >
          R$ 10.000,00
        </Text>
        <Text
          className="text-xs text-gray-500"
        >
          1
          /
          12
           parcelas
        </Text>
      </View>
    </View>
    <View
      className="mt-3"
    >
      <View
        className="w-full bg-gray-200 rounded-full h-2"
      >
        <View
          className="bg-blue-600 h-2 rounded-full"
          style={
            {
              "width": "50%",
            }
          }
        />
      </View>
      <Text
        className="text-xs text-gray-500 mt-1"
      >
        50
        % pago
      </Text>
    </View>
  </View>
</View>
`;
