// Jest Snapshot v1, https://goo.gl/fbAQLP

exports[`ErrorScreen Component matches snapshot 1`] = `
<View
  className="h-full w-full flex items-center justify-center bg-neutral-200"
>
  <Text
    className="text-lg text-red-600"
  >
    Erro de teste
  </Text>
</View>
`;
